2026-09-04 09:00:40 INFO service=api status=201 message="New record created"
2026-09-04 09:03:14 INFO service=web-app status=200 message="Request completed successfully"
2026-09-04 09:06:37 INFO service=web-app status=200 message="Request completed successfully"
2026-09-04 09:09:13 INFO service=web-app status=204 message="Request completed with no content"
2026-09-04 09:12:35 INFO service=auth-service status=204 message="Request completed with no content"
2026-09-04 09:15:14 INFO service=web-app status=201 message="New record created"
2026-09-04 09:18:48 WARNING service=database status=408 message="Request timeout"
2026-09-04 09:21:17 INFO service=web-app status=201 message="New record created"
2026-09-04 09:24:05 INFO service=database status=201 message="New record created"
2026-09-04 09:27:38 INFO service=auth-service status=200 message="Request completed successfully"
2026-09-04 09:30:34 INFO service=web-app status=200 message="Homepage loaded"
2026-09-04 09:33:35 INFO service=database status=204 message="Request completed with no content"
2026-09-04 09:36:36 INFO service=web-app status=200 message="Request completed successfully"
2026-09-04 09:39:42 INFO service=web-app status=201 message="New record created"
2026-09-04 09:42:14 ERROR service=database status=503 message="Service unavailable"
2026-09-04 09:45:29 INFO service=api status=201 message="New record created"
2026-09-04 09:48:23 INFO service=web-app status=201 message="New record created"
2026-09-04 09:51:38 INFO service=api status=204 message="Request completed with no content"
2026-09-04 09:54:10 INFO service=api status=201 message="New record created"
2026-09-04 09:57:43 INFO service=api status=200 message="Request completed successfully"
2026-09-04 10:00:02 WARNING service=database status=408 message="Request timeout"
2026-09-04 10:03:04 INFO service=database status=204 message="Request completed with no content"
2026-09-04 10:06:13 WARNING service=auth-service status=408 message="Request timeout"
2026-09-04 10:09:09 INFO service=database status=200 message="User login successful"
2026-09-04 10:12:47 INFO service=auth-service status=204 message="Request completed with no content"
2026-09-04 10:15:23 INFO service=auth-service status=200 message="User login successful"
2026-09-04 10:18:05 WARNING service=api status=404 message="Endpoint not found"
2026-09-04 10:21:40 INFO service=web-app status=200 message="Homepage loaded"
2026-09-04 10:24:24 INFO service=database status=200 message="Homepage loaded"
2026-09-04 10:27:35 ERROR service=web-app status=500 message="Internal server error"
2026-09-04 10:30:43 ERROR service=database status=502 message="Bad gateway"
2026-09-04 10:33:07 INFO service=auth-service status=200 message="User login successful"
2026-09-04 10:36:00 ERROR service=api status=502 message="Bad gateway"
2026-09-04 10:39:32 ERROR service=api status=502 message="Bad gateway"
2026-09-04 10:42:09 INFO service=web-app status=200 message="User login successful"
2026-09-04 10:45:38 INFO service=web-app status=200 message="Request completed successfully"
2026-09-04 10:48:23 ERROR service=api status=502 message="Bad gateway"
2026-09-04 10:51:03 INFO service=web-app status=204 message="Request completed with no content"
2026-09-04 10:54:05 WARNING service=api status=404 message="Endpoint not found"
2026-09-04 10:57:08 WARNING service=database status=429 message="Too many requests"
2026-09-04 11:00:33 ERROR service=api status=503 message="Service unavailable"
2026-09-04 11:03:34 WARNING service=database status=429 message="Too many requests"
2026-09-04 11:06:25 ERROR service=auth-service status=502 message="Bad gateway"
2026-09-04 11:09:33 INFO service=api status=200 message="User login successful"
2026-09-04 11:12:04 INFO service=api status=204 message="Request completed with no content"
2026-09-04 11:15:37 INFO service=web-app status=200 message="Request completed successfully"
2026-09-04 11:18:14 INFO service=database status=200 message="Request completed successfully"
2026-09-04 11:21:04 INFO service=auth-service status=201 message="New record created"
2026-09-04 11:24:13 INFO service=auth-service status=204 message="Request completed with no content"
2026-09-04 11:27:15 WARNING service=api status=408 message="Request timeout"
2026-09-04 11:30:06 INFO service=database status=200 message="Homepage loaded"
2026-09-04 11:33:27 INFO service=web-app status=200 message="Request completed successfully"
2026-09-04 11:36:03 INFO service=web-app status=201 message="New record created"
2026-09-04 11:39:15 INFO service=auth-service status=204 message="Request completed with no content"
2026-09-04 11:42:08 INFO service=auth-service status=201 message="New record created"
2026-09-04 11:45:15 ERROR service=auth-service status=500 message="Internal server error"
2026-09-04 11:48:35 INFO service=web-app status=204 message="Request completed with no content"
2026-09-04 11:51:05 ERROR service=api status=500 message="Database connection failed"
2026-09-04 11:54:26 INFO service=auth-service status=200 message="User login successful"
2026-09-04 11:57:03 INFO service=auth-service status=200 message="Request completed successfully"
2026-09-04 12:00:16 ERROR service=database status=503 message="Service unavailable"
2026-09-04 12:03:27 WARNING service=api status=408 message="Request timeout"
2026-09-04 12:06:12 INFO service=web-app status=200 message="Request completed successfully"
2026-09-04 12:09:47 INFO service=auth-service status=200 message="Request completed successfully"
2026-09-04 12:12:32 ERROR service=api status=504 message="Gateway timeout"
2026-09-04 12:15:03 ERROR service=api status=500 message="Internal server error"
2026-09-04 12:18:04 INFO service=auth-service status=200 message="User login successful"
2026-09-04 12:21:07 ERROR service=api status=504 message="Gateway timeout"
2026-09-04 12:24:37 INFO service=web-app status=204 message="Request completed with no content"
2026-09-04 12:27:26 WARNING service=database status=401 message="Unauthorized request"
2026-09-04 12:30:13 WARNING service=api status=401 message="Unauthorized request"
2026-09-04 12:33:16 INFO service=auth-service status=201 message="New record created"
2026-09-04 12:36:20 ERROR service=web-app status=500 message="Internal server error"
2026-09-04 12:39:29 INFO service=web-app status=204 message="Request completed with no content"
2026-09-04 12:42:04 INFO service=database status=204 message="Request completed with no content"
2026-09-04 12:45:08 ERROR service=api status=500 message="Internal server error"
2026-09-04 12:48:23 INFO service=database status=200 message="Homepage loaded"
2026-09-04 12:51:39 ERROR service=web-app status=504 message="Gateway timeout"
2026-09-04 12:54:42 WARNING service=web-app status=401 message="Unauthorized request"
2026-09-04 12:57:08 INFO service=api status=200 message="Request completed successfully"
2026-09-04 13:00:17 INFO service=database status=200 message="User login successful"
2026-09-04 13:03:13 WARNING service=auth-service status=401 message="Unauthorized request"
2026-09-04 13:06:16 ERROR service=web-app status=500 message="Internal server error"
2026-09-04 13:09:40 INFO service=web-app status=201 message="New record created"
2026-09-04 13:12:00 INFO service=database status=200 message="User login successful"
2026-09-04 13:15:10 WARNING service=web-app status=408 message="Request timeout"
2026-09-04 13:18:07 INFO service=web-app status=200 message="User login successful"
2026-09-04 13:21:23 INFO service=auth-service status=200 message="User login successful"
2026-09-04 13:24:08 INFO service=web-app status=201 message="New record created"
2026-09-04 13:27:22 INFO service=web-app status=200 message="User login successful"
2026-09-04 13:30:22 WARNING service=api status=408 message="Request timeout"
2026-09-04 13:33:15 ERROR service=auth-service status=500 message="Database connection failed"
2026-09-04 13:36:01 INFO service=auth-service status=201 message="New record created"
2026-09-04 13:39:42 ERROR service=database status=500 message="Database connection failed"
2026-09-04 13:42:10 WARNING service=auth-service status=404 message="Endpoint not found"
2026-09-04 13:45:02 ERROR service=api status=500 message="Database connection failed"
2026-09-04 13:48:29 INFO service=api status=200 message="User login successful"
2026-09-04 13:51:01 WARNING service=database status=408 message="Request timeout"
2026-09-04 13:54:17 ERROR service=database status=502 message="Bad gateway"
2026-09-04 13:57:41 INFO service=database status=204 message="Request completed with no content"
